
Subgraph user/example-subgraph created in from-example

Next steps:

  1. Run `graph auth` to authenticate with your deploy key.

  2. Type `cd from-example` to enter the subgraph.

  3. Run `yarn deploy` to deploy the subgraph.

Make sure to visit the documentation on https://thegraph.com/docs/ for further information.
