- Cloning example subgraph
✔ Cloning example subgraph
- Initialize networks config
✔ Initialize networks config
- Update subgraph name and commands in package.json
✔ Update subgraph name and commands in package.json
- Initialize subgraph repository
✔ Initialize subgraph repository
- Install dependencies with yarn
✔ Install dependencies with yarn
- Generate ABI and schema types with yarn codegen
✔ Generate ABI and schema types with yarn codegen
