specVersion: 0.0.5
description: Gravatar for Ethereum
repository: https://github.com/graphprotocol/example-subgraph
schema:
  file: ./schema.graphql
dataSources:
  - kind: ethereum/contract
    name: Gravity
    network: test
    source:
      address: "0xCfEB869F69431e42cdB54A4F4f105C19C080A601"
      abi: Gravity
    mapping:
      kind: ethereum/events
      apiVersion: 0.0.7
      language: wasm/assemblyscript
      entities:
        - NewGravatar
        - UpdatedGravatar
      abis:
        - name: Gravity
          file: ./abis/Gravity.json
      eventHandlers:
        - event: NewGravatar(uint256,address,string,string)
          handler: handleNewGravatar
        - event: UpdatedGravatar(uint256,address,string,string)
          handler: handleUpdatedGravatar
      file: ./src/mapping.ts
  - kind: ethereum
    name: Gravatar
    network: test
    source:
      address: "0x2E645469f354BB4F5c8a05B3b30A929361cf77eC"
      abi: Gravatar
    mapping:
      kind: ethereum/events
      apiVersion: 0.0.7
      language: wasm/assemblyscript
      entities:
        - GravatarNewGravatar
        - GravatarUpdatedGravatar
      abis:
        - name: Gravatar
          file: ./abis/Gravatar.json
      eventHandlers:
        - event: NewGravatar(uint256,address,string,string)
          handler: handleNewGravatar
        - event: UpdatedGravatar(uint256,address,string,string)
          handler: handleUpdatedGravatar
      file: ./src/gravatar.ts
