// Vitest Snapshot v1, https://vitest.dev/guide/snapshot.html

exports[`Cosmos subgraph scaffolding > Manifest 1`] = `
"specVersion: 1.0.0
indexerHints:
  prune: auto
schema:
  file: ./schema.graphql
dataSources:
  - kind: cosmos
    name: CosmosHub
    network: cosmoshub-4
    source:
      startBlock: 0
    mapping:
      apiVersion: 0.0.5
      language: wasm/assemblyscript
      entities:
        - ExampleEntity
      blockHandlers:
        - handler: handleBlock
      file: ./src/contract.ts
"
`;

exports[`Cosmos subgraph scaffolding > Mapping (default) 1`] = `
"import { cosmos, BigInt } from "@graphprotocol/graph-ts"
import { ExampleEntity } from "../generated/schema"

export function handleBlock(block: cosmos.Block): void {
  // Entities can be loaded from the store using a string ID; this ID
  // needs to be unique across all entities of the same type
  let entity = ExampleEntity.load(block.header.hash.toHex())

  // Entities only exist after they have been saved to the store;
  // \`null\` checks allow to create entities on demand
  if (!entity) {
    entity = new ExampleEntity(block.header.hash.toHex())

    // Entity fields can be set using simple assignments
    entity.count = BigInt.fromI32(0)
  }

  // BigInt and BigDecimal math are supported
  entity.count = entity.count + BigInt.fromI32(1)

  // Entity fields can be set based on receipt information
  entity.height = block.header.height

  // Entities can be written to the store with \`.save()\`
  entity.save()

  // Note: If a handler doesn't require existing field values, it is faster
  // _not_ to load the entity from the store. Instead, create it fresh with
  // \`new Entity(...)\`, set the fields that should be updated and save the
  // entity back to the store. Fields that were not set or unset remain
  // unchanged, allowing for partial updates to be applied.
}
"
`;

exports[`Cosmos subgraph scaffolding > Schema (default) 1`] = `
"type ExampleEntity @entity {
  id: ID!
  block: Bytes!
  count: BigInt!
}
"
`;
