- Load subgraph from subgraph.yaml
âœ– Failed to load subgraph from subgraph.yaml: Error in subgraph.yaml:

  Path: dataSources > 0 > callHandlers > 0
  Call function with signature 'doSomething(uint256)' not present in ABI 'ExampleContract'.
  Available call functions:
  - <default>()
  - owner()
  - transferOwnership(address)
  - upgrade(address,bytes)
