- Load subgraph from subgraph.yaml
âœ– Failed to load subgraph from subgraph.yaml: Error in subgraph.yaml:

  Path: /
  Conflicting networks used in data sources and templates:
    Data sources and templates using 'mainnet':
      - ExampleSubgraph
    Data sources and templates having no network set:
      - ExampleTemplate
  Recommendation: Make all data sources and templates use the same network name.
