- Load subgraph from subgraph.yaml
âœ– Failed to load subgraph from subgraph.yaml: Error in schema.graphql:

  Foo:
  - Field 'bars': Unknown type 'Bars'.
