- Load subgraph from subgraph.yaml
âœ– Failed to load subgraph from subgraph.yaml: Error in schema.graphql:

  MyEntity:
  - Field 'foo': Field arguments are not supported.
