- Load subgraph from subgraph.yaml
âœ– Failed to load subgraph from subgraph.yaml: Error in subgraph.yaml:

  Path: dataSources > 0 > eventHandlers > 0
  Event with signature 'ExampleEvent(string,uint256)' not present in ABI 'ExampleContract'.
  Available events:
  - ExampleEvent(string)

  Path: templates > 0 > eventHandlers > 0
  Event with signature 'ExampleEvent(string,uint256)' not present in ABI 'ExampleContract'.
  Available events:
  - ExampleEvent(string)
