- Load subgraph from subgraph.yaml
âœ– Failed to load subgraph from subgraph.yaml: Error in subgraph.yaml:

  Path: dataSources > 0 > mapping > abis > 0 > file
  No valid ABI in file: InvalidAbi.json
