- Load subgraph from subgraph.yaml
âœ– Failed to load subgraph from subgraph.yaml: Error in schema.graphql:

  MyEntity:
  - Field 'isSet1': Unknown type 'bool'. Did you mean 'Boolean'?
  - Field 'isSet2': Unknown type 'boolean'. Did you mean 'Boolean'?
  - Field 'isSet3': Unknown type 'Bool'. Did you mean 'Boolean'?
  - Field 'address1': Unknown type 'Address'. Did you mean 'Bytes'?
  - Field 'address2': Unknown type 'address'. Did you mean 'Bytes'?
  - Field 'float1': Unknown type 'float'. Did you mean 'BigDecimal'?
  - Field 'float2': Unknown type 'Float'. Did you mean 'BigDecimal'?
  - Field 'string1': Unknown type 'string'. Did you mean 'String'?
  - Field 'int': Unknown type 'int'. Did you mean 'Int'?
  - Field 'uint': Unknown type 'uint'. Did you mean 'BigInt'?
  - Field 'uint32': Unknown type 'uint32'. Did you mean 'BigInt'?
  - Field 'i8': Unknown type 'i8'. Did you mean 'Int'?
  - Field 'i16': Unknown type 'i16'. Did you mean 'Int'?
  - Field 'i24': Unknown type 'i24'. Did you mean 'Int'?
  - Field 'i32': Unknown type 'i32'. Did you mean 'Int'?
  - Field 'i40': Unknown type 'i40'. Did you mean 'BigInt'?
  - Field 'i48': Unknown type 'i48'. Did you mean 'BigInt'?
  - Field 'i56': Unknown type 'i56'. Did you mean 'BigInt'?
  - Field 'i64': Unknown type 'i64'. Did you mean 'BigInt'?
  - Field 'i72': Unknown type 'i72'. Did you mean 'BigInt'?
  - Field 'i80': Unknown type 'i80'. Did you mean 'BigInt'?
  - Field 'i88': Unknown type 'i88'. Did you mean 'BigInt'?
  - Field 'i96': Unknown type 'i96'. Did you mean 'BigInt'?
  - Field 'i104': Unknown type 'i104'. Did you mean 'BigInt'?
  - Field 'i112': Unknown type 'i112'. Did you mean 'BigInt'?
  - Field 'i120': Unknown type 'i120'. Did you mean 'BigInt'?
  - Field 'i128': Unknown type 'i128'. Did you mean 'BigInt'?
  - Field 'i136': Unknown type 'i136'. Did you mean 'BigInt'?
  - Field 'i144': Unknown type 'i144'. Did you mean 'BigInt'?
  - Field 'i152': Unknown type 'i152'. Did you mean 'BigInt'?
  - Field 'i160': Unknown type 'i160'. Did you mean 'BigInt'?
  - Field 'i168': Unknown type 'i168'. Did you mean 'BigInt'?
  - Field 'i176': Unknown type 'i176'. Did you mean 'BigInt'?
  - Field 'i184': Unknown type 'i184'. Did you mean 'BigInt'?
  - Field 'i192': Unknown type 'i192'. Did you mean 'BigInt'?
  - Field 'i200': Unknown type 'i200'. Did you mean 'BigInt'?
  - Field 'i208': Unknown type 'i208'. Did you mean 'BigInt'?
  - Field 'i216': Unknown type 'i216'. Did you mean 'BigInt'?
  - Field 'i224': Unknown type 'i224'. Did you mean 'BigInt'?
  - Field 'i232': Unknown type 'i232'. Did you mean 'BigInt'?
  - Field 'i240': Unknown type 'i240'. Did you mean 'BigInt'?
  - Field 'i248': Unknown type 'i248'. Did you mean 'BigInt'?
  - Field 'i256': Unknown type 'i256'. Did you mean 'BigInt'?
  - Field 'i256': Unknown type 'i256'. Did you mean 'BigInt'?
  - Field 'int8': Unknown type 'int8'. Did you mean 'Int'?
  - Field 'int16': Unknown type 'int16'. Did you mean 'Int'?
  - Field 'int24': Unknown type 'int24'. Did you mean 'Int'?
  - Field 'int32': Unknown type 'int32'. Did you mean 'Int'?
  - Field 'int40': Unknown type 'int40'. Did you mean 'BigInt'?
  - Field 'int48': Unknown type 'int48'. Did you mean 'BigInt'?
  - Field 'int56': Unknown type 'int56'. Did you mean 'BigInt'?
  - Field 'int64': Unknown type 'int64'. Did you mean 'BigInt'?
  - Field 'int72': Unknown type 'int72'. Did you mean 'BigInt'?
  - Field 'int80': Unknown type 'int80'. Did you mean 'BigInt'?
  - Field 'int88': Unknown type 'int88'. Did you mean 'BigInt'?
  - Field 'int96': Unknown type 'int96'. Did you mean 'BigInt'?
  - Field 'int104': Unknown type 'int104'. Did you mean 'BigInt'?
  - Field 'int112': Unknown type 'int112'. Did you mean 'BigInt'?
  - Field 'int120': Unknown type 'int120'. Did you mean 'BigInt'?
  - Field 'int128': Unknown type 'int128'. Did you mean 'BigInt'?
  - Field 'int136': Unknown type 'int136'. Did you mean 'BigInt'?
  - Field 'int144': Unknown type 'int144'. Did you mean 'BigInt'?
  - Field 'int152': Unknown type 'int152'. Did you mean 'BigInt'?
  - Field 'int160': Unknown type 'int160'. Did you mean 'BigInt'?
  - Field 'int168': Unknown type 'int168'. Did you mean 'BigInt'?
  - Field 'int176': Unknown type 'int176'. Did you mean 'BigInt'?
  - Field 'int184': Unknown type 'int184'. Did you mean 'BigInt'?
  - Field 'int192': Unknown type 'int192'. Did you mean 'BigInt'?
  - Field 'int200': Unknown type 'int200'. Did you mean 'BigInt'?
  - Field 'int208': Unknown type 'int208'. Did you mean 'BigInt'?
  - Field 'int216': Unknown type 'int216'. Did you mean 'BigInt'?
  - Field 'int224': Unknown type 'int224'. Did you mean 'BigInt'?
  - Field 'int232': Unknown type 'int232'. Did you mean 'BigInt'?
  - Field 'int240': Unknown type 'int240'. Did you mean 'BigInt'?
  - Field 'int248': Unknown type 'int248'. Did you mean 'BigInt'?
  - Field 'int256': Unknown type 'int256'. Did you mean 'BigInt'?
  - Field 'int256': Unknown type 'int256'. Did you mean 'BigInt'?
  - Field 'u8': Unknown type 'u8'. Did you mean 'Int'?
  - Field 'u16': Unknown type 'u16'. Did you mean 'Int'?
  - Field 'u24': Unknown type 'u24'. Did you mean 'Int'?
  - Field 'u32': Unknown type 'u32'. Did you mean 'BigInt'?
  - Field 'u40': Unknown type 'u40'. Did you mean 'BigInt'?
  - Field 'u48': Unknown type 'u48'. Did you mean 'BigInt'?
  - Field 'u56': Unknown type 'u56'. Did you mean 'BigInt'?
  - Field 'u64': Unknown type 'u64'. Did you mean 'BigInt'?
  - Field 'u72': Unknown type 'u72'. Did you mean 'BigInt'?
  - Field 'u80': Unknown type 'u80'. Did you mean 'BigInt'?
  - Field 'u88': Unknown type 'u88'. Did you mean 'BigInt'?
  - Field 'u96': Unknown type 'u96'. Did you mean 'BigInt'?
  - Field 'u104': Unknown type 'u104'. Did you mean 'BigInt'?
  - Field 'u112': Unknown type 'u112'. Did you mean 'BigInt'?
  - Field 'u120': Unknown type 'u120'. Did you mean 'BigInt'?
  - Field 'u128': Unknown type 'u128'. Did you mean 'BigInt'?
  - Field 'u136': Unknown type 'u136'. Did you mean 'BigInt'?
  - Field 'u144': Unknown type 'u144'. Did you mean 'BigInt'?
  - Field 'u152': Unknown type 'u152'. Did you mean 'BigInt'?
  - Field 'u160': Unknown type 'u160'. Did you mean 'BigInt'?
  - Field 'u168': Unknown type 'u168'. Did you mean 'BigInt'?
  - Field 'u176': Unknown type 'u176'. Did you mean 'BigInt'?
  - Field 'u184': Unknown type 'u184'. Did you mean 'BigInt'?
  - Field 'u192': Unknown type 'u192'. Did you mean 'BigInt'?
  - Field 'u200': Unknown type 'u200'. Did you mean 'BigInt'?
  - Field 'u208': Unknown type 'u208'. Did you mean 'BigInt'?
  - Field 'u216': Unknown type 'u216'. Did you mean 'BigInt'?
  - Field 'u224': Unknown type 'u224'. Did you mean 'BigInt'?
  - Field 'u232': Unknown type 'u232'. Did you mean 'BigInt'?
  - Field 'u240': Unknown type 'u240'. Did you mean 'BigInt'?
  - Field 'u248': Unknown type 'u248'. Did you mean 'BigInt'?
  - Field 'u256': Unknown type 'u256'. Did you mean 'BigInt'?
  - Field 'u256': Unknown type 'u256'. Did you mean 'BigInt'?
  - Field 'uint8': Unknown type 'uint8'. Did you mean 'Int'?
  - Field 'uint16': Unknown type 'uint16'. Did you mean 'Int'?
  - Field 'uint24': Unknown type 'uint24'. Did you mean 'Int'?
  - Field 'uint32': Unknown type 'uint32'. Did you mean 'BigInt'?
  - Field 'uint40': Unknown type 'uint40'. Did you mean 'BigInt'?
  - Field 'uint48': Unknown type 'uint48'. Did you mean 'BigInt'?
  - Field 'uint56': Unknown type 'uint56'. Did you mean 'BigInt'?
  - Field 'uint64': Unknown type 'uint64'. Did you mean 'BigInt'?
  - Field 'uint72': Unknown type 'uint72'. Did you mean 'BigInt'?
  - Field 'uint80': Unknown type 'uint80'. Did you mean 'BigInt'?
  - Field 'uint88': Unknown type 'uint88'. Did you mean 'BigInt'?
  - Field 'uint96': Unknown type 'uint96'. Did you mean 'BigInt'?
  - Field 'uint104': Unknown type 'uint104'. Did you mean 'BigInt'?
  - Field 'uint112': Unknown type 'uint112'. Did you mean 'BigInt'?
  - Field 'uint120': Unknown type 'uint120'. Did you mean 'BigInt'?
  - Field 'uint128': Unknown type 'uint128'. Did you mean 'BigInt'?
  - Field 'uint136': Unknown type 'uint136'. Did you mean 'BigInt'?
  - Field 'uint144': Unknown type 'uint144'. Did you mean 'BigInt'?
  - Field 'uint152': Unknown type 'uint152'. Did you mean 'BigInt'?
  - Field 'uint160': Unknown type 'uint160'. Did you mean 'BigInt'?
  - Field 'uint168': Unknown type 'uint168'. Did you mean 'BigInt'?
  - Field 'uint176': Unknown type 'uint176'. Did you mean 'BigInt'?
  - Field 'uint184': Unknown type 'uint184'. Did you mean 'BigInt'?
  - Field 'uint192': Unknown type 'uint192'. Did you mean 'BigInt'?
  - Field 'uint200': Unknown type 'uint200'. Did you mean 'BigInt'?
  - Field 'uint208': Unknown type 'uint208'. Did you mean 'BigInt'?
  - Field 'uint216': Unknown type 'uint216'. Did you mean 'BigInt'?
  - Field 'uint224': Unknown type 'uint224'. Did you mean 'BigInt'?
  - Field 'uint232': Unknown type 'uint232'. Did you mean 'BigInt'?
  - Field 'uint240': Unknown type 'uint240'. Did you mean 'BigInt'?
  - Field 'uint248': Unknown type 'uint248'. Did you mean 'BigInt'?
  - Field 'uint256': Unknown type 'uint256'. Did you mean 'BigInt'?
  - Field 'uint256': Unknown type 'uint256'. Did you mean 'BigInt'?
  - Field 'references': Unknown type 'Foo'.
