- Load subgraph from subgraph.yaml
✔ Load subgraph from subgraph.yaml
- Load contract ABIs
  Load contract ABI from Abi.json
- Load contract ABIs
✔ Load contract ABIs
- Generate types for contract ABIs
  Generate types for contract ABI: ExampleContract (Abi.json)
- Generate types for contract ABIs
  Write types to generated/ExampleSubgraph/ExampleContract.ts
- Generate types for contract ABIs
✔ Generate types for contract ABIs
- Generate types for data source templates
  Generate types for data source template ExampleTemplate
- Generate types for data source templates
  Write types for templates to generated/templates.ts
- Generate types for data source templates
✔ Generate types for data source templates
- Load data source template ABIs
  Load data source template ABI from Abi.json
- Load data source template ABIs
✔ Load data source template ABIs
- Generate types for data source template ABIs
  Generate types for data source template ABI: ExampleTemplate > ExampleContract (Abi.json)
- Generate types for data source template ABIs
  Write types to generated/templates/ExampleTemplate/ExampleContract.ts
- Generate types for data source template ABIs
✔ Generate types for data source template ABIs
- Load GraphQL schema from schema.graphql
✔ Load GraphQL schema from schema.graphql
- Generate types for GraphQL schema
  Write types to generated/schema.ts
- Generate types for GraphQL schema
✔ Generate types for GraphQL schema
