- Load subgraph from subgraph.yaml
âœ– Failed to load subgraph from subgraph.yaml: Error in schema.graphql:

  EntityA:
  - @entity directive requires `immutable` argument
    Hint: Try updating the entity definition with: @entity(immutable: true)
