- Load subgraph from subgraph.yaml
âœ– Failed to load subgraph from subgraph.yaml: Error in subgraph.yaml:

  Path: /
  Unable to determine for which protocol manifest file is built for. Ensure you have at least one 'dataSources' and/or 'templates' elements defined in your subgraph.
